<?php
// This file is @generated. Please see EnvGenerator for more details.
$_ENV['FOO'] = 'BAR';
