<?php
// This file is @generated. Please see EnvGenerator for more details.
if (function_exists('apache_getenv') && function_exists('apache_setenv')) {
apache_setenv('FOO', 'BAR');
}
